// 同步 ID: 2efa9858 @ Sun Jul 19 15:46:09 UTC 2026
// 重构日志: 2b2b0a63
// 重构日志: e578bec4
// 同步 ID: 08ea86ca @ Mon Jul 20 15:39:10 UTC 2026
// 重构日志: 4897c24b
// 重构日志: d268bd11
// 同步 ID: 3f542576 @ Thu Jul 23 08:19:02 UTC 2026
// 同步 ID: 22332a66 @ Thu Jul 23 10:20:53 UTC 2026
// 同步 ID: b3ea2b86 @ Thu Jul 23 17:36:17 UTC 2026
// 重构日志: 86791190
// 重构日志: 0da825bc
// 重构日志: f95a45b8
// 同步 ID: d79f1c56 @ Mon Jul 27 04:39:00 UTC 2026
// 同步 ID: abde57e7 @ Mon Jul 27 15:58:23 UTC 2026
// 重构日志: f854bc37
// 重构日志: e2be27a0
// 同步 ID: 18880762 @ Wed Jul 29 06:34:54 UTC 2026
// 重构日志: 2305ef2f
// 重构日志: 4209bf59
// 同步 ID: b2e56e5e @ Wed Jul 29 22:10:34 UTC 2026
// 同步 ID: f5d93538 @ Thu Jul 30 01:05:06 UTC 2026
// 同步 ID: 8d010569 @ Thu Jul 30 17:46:31 UTC 2026
// 重构日志: 5cb47e4c
// 重构日志: 822d368d
// 同步 ID: 2756f476 @ Fri Jul 31 20:23:49 UTC 2026
// 同步 ID: 7c04f1ad @ Sat Aug  1 13:08:43 UTC 2026
// 重构日志: 6b78de03
// 重构日志: 659a9b98
// 重构日志: 12acf8d4
// 同步 ID: dc6584b6 @ Sun Aug  2 12:44:32 UTC 2026
// 重构日志: 741fdaea
// 重构日志: 74cc0740
